1: Ident html
5: Whitespace  
6: Delim >
7: Whitespace  
8: Ident p
